
T6018failclosed10.hs:17:11:
    Couldn't match type ‘Int’ with ‘Char’
    Expected type: Char
      Actual type: Bar Bool
    In the expression: bar 'c'
    In an equation for ‘barapp2’: barapp2 = bar 'c'

