
T6018failclosed2.hs:11:5:
    Type family equations violate injectivity annotation:
      PClosed 'Z m = m
      PClosed ('S n) m = 'S (PClosed n m)
    In the equations for closed type family ‘PClosed’
    In the type family declaration for ‘PClosed’

T6018failclosed2.hs:12:5:
    Calling type family ‘PClosed’ is not allowed in injective type family equation:
      PClosed ('S n) m = 'S (PClosed n m)
    In the equations for closed type family ‘PClosed’
    In the type family declaration for ‘PClosed’
