
T6018failclosed1.hs:11:5:
    Calling type family ‘IdClosed’ is not allowed in injective type family equation:
      IdProxyClosed a = IdClosed a
    In the equations for closed type family ‘IdProxyClosed’
    In the type family declaration for ‘IdProxyClosed’
