
T9201.hs:6:17:
    The first argument of ‘f’ should have kind ‘x’,
      but ‘a’ has kind ‘y’
    In the type ‘d a (f a)’
    In the class declaration for ‘MonoidalCCC’
