
<interactive>:11:23:
    Incorrect type variable on the LHS of injectivity condition
         Expected : r
         Actual   : a

<interactive>:12:24:
    Incorrect type variable on the LHS of injectivity condition
         Expected : r
         Actual   : a

<interactive>:13:37:
    Incorrect type variable on the LHS of injectivity condition
         Expected : r
         Actual   : a

<interactive>:16:19:
    Type variable ‘a’, naming a type family result,
    shadows an already bound type variable

<interactive>:17:20:
    Type variable ‘a’, naming a type family result,
    shadows an already bound type variable

<interactive>:20:20:
    Type variable ‘a’, naming a type family result,
    shadows an already bound type variable

<interactive>:20:24:
    Unknown type variable on the RHS of injectivity condition: a

<interactive>:21:21:
    Type variable ‘a’, naming a type family result,
    shadows an already bound type variable

<interactive>:21:25:
    Unknown type variable on the RHS of injectivity condition: a

<interactive>:22:35:
    Type variable ‘a’, naming a type family result,
    shadows an already bound type variable

<interactive>:22:39:
    Unknown type variable on the RHS of injectivity condition: a

<interactive>:25:1: Not in scope: type variable ‘c’

<interactive>:26:1: Not in scope: type variable ‘c’

<interactive>:27:23: Not in scope: type variable ‘c’

<interactive>:35:1: Not in scope: type variable ‘c’

<interactive>:36:1: Not in scope: type variable ‘c’

<interactive>:37:23: Not in scope: type variable ‘c’

<interactive>:40:33:
    Type variable ‘a’, naming a type family result,
    shadows an already bound type variable

<interactive>:43:37:
    Unknown type variable on the RHS of injectivity condition: b
