[1 of 2] Compiling T6018a           ( T6018a.hs, T6018a.o )
[2 of 2] Compiling T6018            ( T6018.hs, T6018.o )
