
T9085.hs:7:3: Warning:
    Dropping overlapped type family instance equation:
      F Bool = Bool
