
==================== Tidy Core ====================
Result size of Tidy Core = {terms: 27, types: 10, coercions: 0}

Rec {
xs :: GHC.Prim.Int# -> ()
[GblId, Arity=1, Caf=NoCafRefs, Str=DmdType <S,1*U>]
xs =
  \ (m :: GHC.Prim.Int#) ->
    case GHC.Prim.<=# m 1 of _ [Occ=Dead] {
      __DEFAULT -> xs (GHC.Prim.-# m 1);
      1 -> GHC.Tuple.()
    }
end Rec }

foo [InlPrag=NOINLINE] :: Int -> ()
[GblId, Arity=1, Caf=NoCafRefs, Str=DmdType <S,1*U(U)>]
foo =
  \ (n :: Int) ->
    case n of _ [Occ=Dead] { GHC.Types.I# y ->
    case GHC.Prim.<# 0 y of _ [Occ=Dead] {
      __DEFAULT -> $wxs y
      1 -> GHC.Tuple.();
    }
    }



